Just created array1 and array1 = [1, 2, 3, 4, 5]
Just created array2 and array1 = [6, 7, 8, 9, 10]
Just changed set array1 = array2 and array1 = [6, 7, 8, 9, 10]
Just created sum and sum = 0
In for loop and num = 6
Just added num to sum and sum = 6
In for loop and num = 7
Just added num to sum and sum = 13
In for loop and num = 8
Just added num to sum and sum = 21
In for loop and num = 9
Just added num to sum and sum = 30
In for loop and num = 10
Just added num to sum and sum = 40

