Just created x and x = 0
i = 1
Just added i to x and x = 1
i = 2
Just added i to x and x = 3
i = 3
Just added i to x and x = 6
i = 4
Just added i to x and x = 10
i = 5
Just added i to x and x = 15
i = 6
Just added i to x and x = 21
i = 7
Just added i to x and x = 28
i = 8
Just added i to x and x = 36
i = 9
Just added i to x and x = 45
i = 10
Just added i to x and x = 55
i = 11
Just added i to x and x = 66
i = 12
Just added i to x and x = 78
i = 13
Just added i to x and x = 91
i = 14
Just added i to x and x = 105
i = 15
Just added i to x and x = 120
i = 16
Just added i to x and x = 136
i = 17
Just added i to x and x = 153
i = 18
Just added i to x and x = 171
i = 19
Just added i to x and x = 190
i = 20
Just added i to x and x = 210
i = 21
Just added i to x and x = 231
i = 22
Just added i to x and x = 253
i = 23
Just added i to x and x = 276
i = 24
Just added i to x and x = 300
i = 25
Just added i to x and x = 325
i = 26
Just added i to x and x = 351
i = 27
Just added i to x and x = 378
i = 28
Just added i to x and x = 406
i = 29
Just added i to x and x = 435
i = 30
Just added i to x and x = 465
i = 31
Just added i to x and x = 496
i = 32
Just added i to x and x = 528
i = 33
Just added i to x and x = 561
i = 34
Just added i to x and x = 595
i = 35
Just added i to x and x = 630
i = 36
Just added i to x and x = 666
i = 37
Just added i to x and x = 703
i = 38
Just added i to x and x = 741
i = 39
Just added i to x and x = 780
i = 40
Just added i to x and x = 820
i = 41
Just added i to x and x = 861
i = 42
Just added i to x and x = 903
i = 43
Just added i to x and x = 946
i = 44
Just added i to x and x = 990
i = 45
Just added i to x and x = 1035
i = 46
Just added i to x and x = 1081
i = 47
Just added i to x and x = 1128
i = 48
Just added i to x and x = 1176
i = 49
Just added i to x and x = 1225
i = 50
Just added i to x and x = 1275
i = 51
Just added i to x and x = 1326
i = 52
Just added i to x and x = 1378
i = 53
Just added i to x and x = 1431
i = 54
Just added i to x and x = 1485
i = 55
Just added i to x and x = 1540
i = 56
Just added i to x and x = 1596
i = 57
Just added i to x and x = 1653
i = 58
Just added i to x and x = 1711
i = 59
Just added i to x and x = 1770
i = 60
Just added i to x and x = 1830
i = 61
Just added i to x and x = 1891
i = 62
Just added i to x and x = 1953
i = 63
Just added i to x and x = 2016
i = 64
Just added i to x and x = 2080
i = 65
Just added i to x and x = 2145
i = 66
Just added i to x and x = 2211
i = 67
Just added i to x and x = 2278
i = 68
Just added i to x and x = 2346
i = 69
Just added i to x and x = 2415
i = 70
Just added i to x and x = 2485
i = 71
Just added i to x and x = 2556
i = 72
Just added i to x and x = 2628
i = 73
Just added i to x and x = 2701
i = 74
Just added i to x and x = 2775
i = 75
Just added i to x and x = 2850
i = 76
Just added i to x and x = 2926
i = 77
Just added i to x and x = 3003
i = 78
Just added i to x and x = 3081
i = 79
Just added i to x and x = 3160
i = 80
Just added i to x and x = 3240
i = 81
Just added i to x and x = 3321
i = 82
Just added i to x and x = 3403
i = 83
Just added i to x and x = 3486
i = 84
Just added i to x and x = 3570
i = 85
Just added i to x and x = 3655
i = 86
Just added i to x and x = 3741
i = 87
Just added i to x and x = 3828
i = 88
Just added i to x and x = 3916
i = 89
Just added i to x and x = 4005
i = 90
Just added i to x and x = 4095
i = 91
Just added i to x and x = 4186
i = 92
Just added i to x and x = 4278
i = 93
Just added i to x and x = 4371
i = 94
Just added i to x and x = 4465
i = 95
Just added i to x and x = 4560
i = 96
Just added i to x and x = 4656
i = 97
Just added i to x and x = 4753
i = 98
Just added i to x and x = 4851
i = 99
Just added i to x and x = 4950
i = 100
Just added i to x and x = 5050

