Just set x = 0 and x = 0
At the end of main an x = 10

