*#################
----------##-----#
-########-##-##-##
-########----##-##
-########-#####-##
-----####-#####-##
#########-###---##
####------#####---
We are at (0, 0)
X#################
*---------##-----#
-########-##-##-##
-########----##-##
-########-#####-##
-----####-#####-##
#########-###---##
####------#####---
We are at (0, 1)
X#################
X---------##-----#
*########-##-##-##
-########----##-##
-########-#####-##
-----####-#####-##
#########-###---##
####------#####---
We are at (0, 2)
X#################
X---------##-----#
X########-##-##-##
*########----##-##
-########-#####-##
-----####-#####-##
#########-###---##
####------#####---
We are at (0, 3)
X#################
X---------##-----#
X########-##-##-##
X########----##-##
*########-#####-##
-----####-#####-##
#########-###---##
####------#####---
We are at (0, 4)
X#################
X---------##-----#
X########-##-##-##
X########----##-##
X########-#####-##
*----####-#####-##
#########-###---##
####------#####---
We are at (0, 5)
X#################
X---------##-----#
X########-##-##-##
X########----##-##
X########-#####-##
X*---####-#####-##
#########-###---##
####------#####---
We are at (1, 5)
X#################
X---------##-----#
X########-##-##-##
X########----##-##
X########-#####-##
XX*--####-#####-##
#########-###---##
####------#####---
We are at (2, 5)
X#################
X---------##-----#
X########-##-##-##
X########----##-##
X########-#####-##
XXX*-####-#####-##
#########-###---##
####------#####---
We are at (3, 5)
X#################
X---------##-----#
X########-##-##-##
X########----##-##
X########-#####-##
XXXX*####-#####-##
#########-###---##
####------#####---
We are at (4, 5)
X#################
X*--------##-----#
X########-##-##-##
X########----##-##
X########-#####-##
XXXXX####-#####-##
#########-###---##
####------#####---
We are at (1, 1)
X#################
XX*-------##-----#
X########-##-##-##
X########----##-##
X########-#####-##
XXXXX####-#####-##
#########-###---##
####------#####---
We are at (2, 1)
X#################
XXX*------##-----#
X########-##-##-##
X########----##-##
X########-#####-##
XXXXX####-#####-##
#########-###---##
####------#####---
We are at (3, 1)
X#################
XXXX*-----##-----#
X########-##-##-##
X########----##-##
X########-#####-##
XXXXX####-#####-##
#########-###---##
####------#####---
We are at (4, 1)
X#################
XXXXX*----##-----#
X########-##-##-##
X########----##-##
X########-#####-##
XXXXX####-#####-##
#########-###---##
####------#####---
We are at (5, 1)
X#################
XXXXXX*---##-----#
X########-##-##-##
X########----##-##
X########-#####-##
XXXXX####-#####-##
#########-###---##
####------#####---
We are at (6, 1)
X#################
XXXXXXX*--##-----#
X########-##-##-##
X########----##-##
X########-#####-##
XXXXX####-#####-##
#########-###---##
####------#####---
We are at (7, 1)
X#################
XXXXXXXX*-##-----#
X########-##-##-##
X########----##-##
X########-#####-##
XXXXX####-#####-##
#########-###---##
####------#####---
We are at (8, 1)
X#################
XXXXXXXXX*##-----#
X########-##-##-##
X########----##-##
X########-#####-##
XXXXX####-#####-##
#########-###---##
####------#####---
We are at (9, 1)
X#################
XXXXXXXXXX##-----#
X########*##-##-##
X########----##-##
X########-#####-##
XXXXX####-#####-##
#########-###---##
####------#####---
We are at (9, 2)
X#################
XXXXXXXXXX##-----#
X########X##-##-##
X########*---##-##
X########-#####-##
XXXXX####-#####-##
#########-###---##
####------#####---
We are at (9, 3)
X#################
XXXXXXXXXX##-----#
X########X##-##-##
X########X---##-##
X########*#####-##
XXXXX####-#####-##
#########-###---##
####------#####---
We are at (9, 4)
X#################
XXXXXXXXXX##-----#
X########X##-##-##
X########X---##-##
X########X#####-##
XXXXX####*#####-##
#########-###---##
####------#####---
We are at (9, 5)
X#################
XXXXXXXXXX##-----#
X########X##-##-##
X########X---##-##
X########X#####-##
XXXXX####X#####-##
#########*###---##
####------#####---
We are at (9, 6)
X#################
XXXXXXXXXX##-----#
X########X##-##-##
X########X---##-##
X########X#####-##
XXXXX####X#####-##
#########X###---##
####-----*#####---
We are at (9, 7)
X#################
XXXXXXXXXX##-----#
X########X##-##-##
X########X---##-##
X########X#####-##
XXXXX####X#####-##
#########X###---##
####----*X#####---
We are at (8, 7)
X#################
XXXXXXXXXX##-----#
X########X##-##-##
X########X---##-##
X########X#####-##
XXXXX####X#####-##
#########X###---##
####---*XX#####---
We are at (7, 7)
X#################
XXXXXXXXXX##-----#
X########X##-##-##
X########X---##-##
X########X#####-##
XXXXX####X#####-##
#########X###---##
####--*XXX#####---
We are at (6, 7)
X#################
XXXXXXXXXX##-----#
X########X##-##-##
X########X---##-##
X########X#####-##
XXXXX####X#####-##
#########X###---##
####-*XXXX#####---
We are at (5, 7)
X#################
XXXXXXXXXX##-----#
X########X##-##-##
X########X---##-##
X########X#####-##
XXXXX####X#####-##
#########X###---##
####*XXXXX#####---
We are at (4, 7)
X#################
XXXXXXXXXX##-----#
X########X##-##-##
X########X*--##-##
X########X#####-##
XXXXX####X#####-##
#########X###---##
####XXXXXX#####---
We are at (10, 3)
X#################
XXXXXXXXXX##-----#
X########X##-##-##
X########XX*-##-##
X########X#####-##
XXXXX####X#####-##
#########X###---##
####XXXXXX#####---
We are at (11, 3)
X#################
XXXXXXXXXX##-----#
X########X##-##-##
X########XXX*##-##
X########X#####-##
XXXXX####X#####-##
#########X###---##
####XXXXXX#####---
We are at (12, 3)
X#################
XXXXXXXXXX##-----#
X########X##*##-##
X########XXXX##-##
X########X#####-##
XXXXX####X#####-##
#########X###---##
####XXXXXX#####---
We are at (12, 2)
X#################
XXXXXXXXXX##*----#
X########X##X##-##
X########XXXX##-##
X########X#####-##
XXXXX####X#####-##
#########X###---##
####XXXXXX#####---
We are at (12, 1)
X#################
XXXXXXXXXX##X*---#
X########X##X##-##
X########XXXX##-##
X########X#####-##
XXXXX####X#####-##
#########X###---##
####XXXXXX#####---
We are at (13, 1)
X#################
XXXXXXXXXX##XX*--#
X########X##X##-##
X########XXXX##-##
X########X#####-##
XXXXX####X#####-##
#########X###---##
####XXXXXX#####---
We are at (14, 1)
X#################
XXXXXXXXXX##XXX*-#
X########X##X##-##
X########XXXX##-##
X########X#####-##
XXXXX####X#####-##
#########X###---##
####XXXXXX#####---
We are at (15, 1)
X#################
XXXXXXXXXX##XXXX-#
X########X##X##*##
X########XXXX##-##
X########X#####-##
XXXXX####X#####-##
#########X###---##
####XXXXXX#####---
We are at (15, 2)
X#################
XXXXXXXXXX##XXXX-#
X########X##X##X##
X########XXXX##*##
X########X#####-##
XXXXX####X#####-##
#########X###---##
####XXXXXX#####---
We are at (15, 3)
X#################
XXXXXXXXXX##XXXX-#
X########X##X##X##
X########XXXX##X##
X########X#####*##
XXXXX####X#####-##
#########X###---##
####XXXXXX#####---
We are at (15, 4)
X#################
XXXXXXXXXX##XXXX-#
X########X##X##X##
X########XXXX##X##
X########X#####X##
XXXXX####X#####*##
#########X###---##
####XXXXXX#####---
We are at (15, 5)
X#################
XXXXXXXXXX##XXXX-#
X########X##X##X##
X########XXXX##X##
X########X#####X##
XXXXX####X#####X##
#########X###--*##
####XXXXXX#####---
We are at (15, 6)
X#################
XXXXXXXXXX##XXXX-#
X########X##X##X##
X########XXXX##X##
X########X#####X##
XXXXX####X#####X##
#########X###-*X##
####XXXXXX#####---
We are at (14, 6)
X#################
XXXXXXXXXX##XXXX-#
X########X##X##X##
X########XXXX##X##
X########X#####X##
XXXXX####X#####X##
#########X###*XX##
####XXXXXX#####---
We are at (13, 6)
X#################
XXXXXXXXXX##XXXX-#
X########X##X##X##
X########XXXX##X##
X########X#####X##
XXXXX####X#####X##
#########X###XXX##
####XXXXXX#####*--
We are at (15, 7)
X#################
XXXXXXXXXX##XXXX-#
X########X##X##X##
X########XXXX##X##
X########X#####X##
XXXXX####X#####X##
#########X###XXX##
####XXXXXX#####X*-
We are at (16, 7)
X#################
XXXXXXXXXX##XXXX-#
X########X##X##X##
X########XXXX##X##
X########X#####X##
XXXXX####X#####X##
#########X###XXX##
####XXXXXX#####XX*
We are at (17, 7)
Done!

