set m = {'frank':6} and m = {'frank'}
set n = {'harry':7} and n = {'harry'}
set o = {m:n} and o = {{'frank'}}
set m['frank'] = 2 and m = {'frank'}
now o = {{'frank'}}

