In main and global g = 0
Holding lock, just added 1 to g and g = 1
Holding lock, just added 1 to g and g = 2
Holding lock, just added 1 to g and g = 3
Holding lock, just added 1 to g and g = 4
Holding lock, just added 1 to g and g = 5
Holding lock, just added 1 to g and g = 6
Holding lock, just added 1 to g and g = 7
Holding lock, just added 1 to g and g = 8
Holding lock, just added 1 to g and g = 9
Holding lock, just added 1 to g and g = 10
Holding lock, just added 1 to g and g = 11
Holding lock, just added 1 to g and g = 12
Holding lock, just added 1 to g and g = 13
Holding lock, just added 1 to g and g = 14
Holding lock, just added 1 to g and g = 15
Holding lock, just added 1 to g and g = 16
Holding lock, just added 1 to g and g = 17
Holding lock, just added 1 to g and g = 18
Holding lock, just added 1 to g and g = 19
Holding lock, just added 1 to g and g = 20
Holding lock, just added 1 to g and g = 21
Holding lock, just added 1 to g and g = 22
Holding lock, just added 1 to g and g = 23
Holding lock, just added 1 to g and g = 24
Holding lock, just added 1 to g and g = 25
Holding lock, just added 1 to g and g = 26
Holding lock, just added 1 to g and g = 27
Holding lock, just added 1 to g and g = 28
Holding lock, just added 1 to g and g = 29
Holding lock, just added 1 to g and g = 30
Holding lock, just added 1 to g and g = 31
Holding lock, just added 1 to g and g = 32
Holding lock, just added 1 to g and g = 33
Holding lock, just added 1 to g and g = 34
Holding lock, just added 1 to g and g = 35
Holding lock, just added 1 to g and g = 36
Holding lock, just added 1 to g and g = 37
Holding lock, just added 1 to g and g = 38
Holding lock, just added 1 to g and g = 39
Holding lock, just added 1 to g and g = 40
Holding lock, just added 1 to g and g = 41
Holding lock, just added 1 to g and g = 42
Holding lock, just added 1 to g and g = 43
Holding lock, just added 1 to g and g = 44
Holding lock, just added 1 to g and g = 45
Holding lock, just added 1 to g and g = 46
Holding lock, just added 1 to g and g = 47
Holding lock, just added 1 to g and g = 48
Holding lock, just added 1 to g and g = 49
Holding lock, just added 1 to g and g = 50
Holding lock, just added 1 to g and g = 51
Holding lock, just added 1 to g and g = 52
Holding lock, just added 1 to g and g = 53
Holding lock, just added 1 to g and g = 54
Holding lock, just added 1 to g and g = 55
Holding lock, just added 1 to g and g = 56
Holding lock, just added 1 to g and g = 57
Holding lock, just added 1 to g and g = 58
Holding lock, just added 1 to g and g = 59
Holding lock, just added 1 to g and g = 60
Holding lock, just added 1 to g and g = 61
Holding lock, just added 1 to g and g = 62
Holding lock, just added 1 to g and g = 63
Holding lock, just added 1 to g and g = 64
Holding lock, just added 1 to g and g = 65
Holding lock, just added 1 to g and g = 66
Holding lock, just added 1 to g and g = 67
Holding lock, just added 1 to g and g = 68
Holding lock, just added 1 to g and g = 69
Holding lock, just added 1 to g and g = 70
Holding lock, just added 1 to g and g = 71
Holding lock, just added 1 to g and g = 72
Holding lock, just added 1 to g and g = 73
Holding lock, just added 1 to g and g = 74
Holding lock, just added 1 to g and g = 75
Holding lock, just added 1 to g and g = 76
Holding lock, just added 1 to g and g = 77
Holding lock, just added 1 to g and g = 78
Holding lock, just added 1 to g and g = 79
Holding lock, just added 1 to g and g = 80
Holding lock, just added 1 to g and g = 81
Holding lock, just added 1 to g and g = 82
Holding lock, just added 1 to g and g = 83
Holding lock, just added 1 to g and g = 84
Holding lock, just added 1 to g and g = 85
Holding lock, just added 1 to g and g = 86
Holding lock, just added 1 to g and g = 87
Holding lock, just added 1 to g and g = 88
Holding lock, just added 1 to g and g = 89
Holding lock, just added 1 to g and g = 90
Holding lock, just added 1 to g and g = 91
Holding lock, just added 1 to g and g = 92
Holding lock, just added 1 to g and g = 93
Holding lock, just added 1 to g and g = 94
Holding lock, just added 1 to g and g = 95
Holding lock, just added 1 to g and g = 96
Holding lock, just added 1 to g and g = 97
Holding lock, just added 1 to g and g = 98
Holding lock, just added 1 to g and g = 99
Holding lock, just added 1 to g and g = 100
Holding lock, just added 1 to g and g = 101
Holding lock, just added 1 to g and g = 102
Holding lock, just added 1 to g and g = 103
Holding lock, just added 1 to g and g = 104
Holding lock, just added 1 to g and g = 105
Holding lock, just added 1 to g and g = 106
Holding lock, just added 1 to g and g = 107
Holding lock, just added 1 to g and g = 108
Holding lock, just added 1 to g and g = 109
Holding lock, just added 1 to g and g = 110
Holding lock, just added 1 to g and g = 111
Holding lock, just added 1 to g and g = 112
Holding lock, just added 1 to g and g = 113
Holding lock, just added 1 to g and g = 114
Holding lock, just added 1 to g and g = 115
Holding lock, just added 1 to g and g = 116
Holding lock, just added 1 to g and g = 117
Holding lock, just added 1 to g and g = 118
Holding lock, just added 1 to g and g = 119
Holding lock, just added 1 to g and g = 120
Holding lock, just added 1 to g and g = 121
Holding lock, just added 1 to g and g = 122
Holding lock, just added 1 to g and g = 123
Holding lock, just added 1 to g and g = 124
Holding lock, just added 1 to g and g = 125
Holding lock, just added 1 to g and g = 126
Holding lock, just added 1 to g and g = 127
Holding lock, just added 1 to g and g = 128
Holding lock, just added 1 to g and g = 129
Holding lock, just added 1 to g and g = 130
Holding lock, just added 1 to g and g = 131
Holding lock, just added 1 to g and g = 132
Holding lock, just added 1 to g and g = 133
Holding lock, just added 1 to g and g = 134
Holding lock, just added 1 to g and g = 135
Holding lock, just added 1 to g and g = 136
Holding lock, just added 1 to g and g = 137
Holding lock, just added 1 to g and g = 138
Holding lock, just added 1 to g and g = 139
Holding lock, just added 1 to g and g = 140
Holding lock, just added 1 to g and g = 141
Holding lock, just added 1 to g and g = 142
Holding lock, just added 1 to g and g = 143
Holding lock, just added 1 to g and g = 144
Holding lock, just added 1 to g and g = 145
Holding lock, just added 1 to g and g = 146
Holding lock, just added 1 to g and g = 147
Holding lock, just added 1 to g and g = 148
Holding lock, just added 1 to g and g = 149
Holding lock, just added 1 to g and g = 150
Holding lock, just added 1 to g and g = 151
Holding lock, just added 1 to g and g = 152
Holding lock, just added 1 to g and g = 153
Holding lock, just added 1 to g and g = 154
Holding lock, just added 1 to g and g = 155
Holding lock, just added 1 to g and g = 156
Holding lock, just added 1 to g and g = 157
Holding lock, just added 1 to g and g = 158
Holding lock, just added 1 to g and g = 159
Holding lock, just added 1 to g and g = 160
Holding lock, just added 1 to g and g = 161
Holding lock, just added 1 to g and g = 162
Holding lock, just added 1 to g and g = 163
Holding lock, just added 1 to g and g = 164
Holding lock, just added 1 to g and g = 165
Holding lock, just added 1 to g and g = 166
Holding lock, just added 1 to g and g = 167
Holding lock, just added 1 to g and g = 168
Holding lock, just added 1 to g and g = 169
Holding lock, just added 1 to g and g = 170
Holding lock, just added 1 to g and g = 171
Holding lock, just added 1 to g and g = 172
Holding lock, just added 1 to g and g = 173
Holding lock, just added 1 to g and g = 174
Holding lock, just added 1 to g and g = 175
Holding lock, just added 1 to g and g = 176
Holding lock, just added 1 to g and g = 177
Holding lock, just added 1 to g and g = 178
Holding lock, just added 1 to g and g = 179
Holding lock, just added 1 to g and g = 180
Holding lock, just added 1 to g and g = 181
Holding lock, just added 1 to g and g = 182
Holding lock, just added 1 to g and g = 183
Holding lock, just added 1 to g and g = 184
Holding lock, just added 1 to g and g = 185
Holding lock, just added 1 to g and g = 186
Holding lock, just added 1 to g and g = 187
Holding lock, just added 1 to g and g = 188
Holding lock, just added 1 to g and g = 189
Holding lock, just added 1 to g and g = 190
Holding lock, just added 1 to g and g = 191
Holding lock, just added 1 to g and g = 192
Holding lock, just added 1 to g and g = 193
Holding lock, just added 1 to g and g = 194
Holding lock, just added 1 to g and g = 195
Holding lock, just added 1 to g and g = 196
Holding lock, just added 1 to g and g = 197
Holding lock, just added 1 to g and g = 198
Holding lock, just added 1 to g and g = 199
Holding lock, just added 1 to g and g = 200
Just exited parallel for loop and g = 200

