Move a disc from 1 to 3
Move a disc from 1 to 2
Move a disc from 3 to 2
Move a disc from 1 to 3
Move a disc from 2 to 1
Move a disc from 2 to 3
Move a disc from 1 to 3
Move a disc from 1 to 2
Move a disc from 3 to 2
Move a disc from 3 to 1
Move a disc from 2 to 1
Move a disc from 3 to 2
Move a disc from 1 to 3
Move a disc from 1 to 2
Move a disc from 3 to 2
Move a disc from 1 to 3
Move a disc from 2 to 1
Move a disc from 2 to 3
Move a disc from 1 to 3
Move a disc from 2 to 1
Move a disc from 3 to 2
Move a disc from 3 to 1
Move a disc from 2 to 1
Move a disc from 2 to 3
Move a disc from 1 to 3
Move a disc from 1 to 2
Move a disc from 3 to 2
Move a disc from 1 to 3
Move a disc from 2 to 1
Move a disc from 2 to 3
Move a disc from 1 to 3
Done in 31 moves.
