In getNum(), about to return 10.
In getNum(int), about to return 20.
getNum(1) == 20

