In main(), just set i = 12 and i = 12
In if block and just set i = 10, now i = 10

