In main(), just set z = 0 and z = 0
In main(), just set y = 0 and y = 0
In main(), just set w = 0 and w = 0
In main(), just set n = 0 and n = 0
Just passed the the first set of nested parallels and w = 0 and n = 0
At the end of main() and x = 1000, y = 0, and z = 0

