In main(), just set x = [0] and x = [0]
here
here
At the end of main and x[0] = 15

