The following error was detected in your program:
Error: (line 3) syntax error, unexpected IDENTIFIER

Execution aborted
