Just set v = [0] and v = Len = 1 Elements: {0}
In doStuff(), just set x = 2 and x = 2
Just set returned from doStuff(v) and v[0] = 0

