Just created sum and sum = 0
In for loop and num = 1
Just added num to sum and sum = 1
In for loop and num = 2
Just added num to sum and sum = 3
In for loop and num = 3
Just added num to sum and sum = 6
In for loop and num = 4
Just added num to sum and sum = 10
In for loop and num = 5
Just added num to sum and sum = 15
In for loop and num = 6
Just added num to sum and sum = 21
In for loop and num = 7
Just added num to sum and sum = 28
In for loop and num = 8
Just added num to sum and sum = 36
In for loop and num = 9
Just added num to sum and sum = 45
In for loop and num = 10
Just added num to sum and sum = 55
Just exited for loop and sum = 55

