Just set a,b,c = 0 and a = 0, b = 0c = 0
In sum lock, just added 1 to c and c = 1
In sum lock, just added 1 to c and c = 2
In sum lock, just added 1 to c and c = 3
In sum lock, just added 1 to c and c = 4
In sum lock, just added 1 to c and c = 5
In sum lock, just added 1 to c and c = 6
In sum lock, just added 1 to c and c = 7
In sum lock, just added 1 to c and c = 8
In sum lock, just added 1 to c and c = 9
In sum lock, just added 1 to c and c = 10
In sum lock, just added 1 to c and c = 11
In sum lock, just added 1 to c and c = 12
In sum lock, just added 1 to c and c = 13
In sum lock, just added 1 to c and c = 14
In sum lock, just added 1 to c and c = 15
In sum lock, just added 1 to c and c = 16
In sum lock, just added 1 to c and c = 17
In sum lock, just added 1 to c and c = 18
In sum lock, just added 1 to c and c = 19
In sum lock, just added 1 to c and c = 20
In sum lock, just added 1 to c and c = 21
In sum lock, just added 1 to c and c = 22
In sum lock, just added 1 to c and c = 23
In sum lock, just added 1 to c and c = 24
In sum lock, just added 1 to c and c = 25
In sum lock, just added 1 to c and c = 26
In sum lock, just added 1 to c and c = 27
In sum lock, just added 1 to c and c = 28
In sum lock, just added 1 to c and c = 29
In sum lock, just added 1 to c and c = 30
In sum lock, just added 1 to c and c = 31
In sum lock, just added 1 to c and c = 32
In sum lock, just added 1 to c and c = 33
In sum lock, just added 1 to c and c = 34
In sum lock, just added 1 to c and c = 35
In sum lock, just added 1 to c and c = 36
In sum lock, just added 1 to c and c = 37
In sum lock, just added 1 to c and c = 38
In sum lock, just added 1 to c and c = 39
In sum lock, just added 1 to c and c = 40
In sum lock, just added 1 to c and c = 41
In sum lock, just added 1 to c and c = 42
In sum lock, just added 1 to c and c = 43
In sum lock, just added 1 to c and c = 44
In sum lock, just added 1 to c and c = 45
In sum lock, just added 1 to c and c = 46
In sum lock, just added 1 to c and c = 47
In sum lock, just added 1 to c and c = 48
In sum lock, just added 1 to c and c = 49
In sum lock, just added 1 to c and c = 50
In sum lock, just added 1 to c and c = 51
In sum lock, just added 1 to c and c = 52
In sum lock, just added 1 to c and c = 53
In sum lock, just added 1 to c and c = 54
In sum lock, just added 1 to c and c = 55
In sum lock, just added 1 to c and c = 56
In sum lock, just added 1 to c and c = 57
In sum lock, just added 1 to c and c = 58
In sum lock, just added 1 to c and c = 59
In sum lock, just added 1 to c and c = 60
In sum lock, just added 1 to c and c = 61
In sum lock, just added 1 to c and c = 62
In sum lock, just added 1 to c and c = 63
In sum lock, just added 1 to c and c = 64
In sum lock, just added 1 to c and c = 65
In sum lock, just added 1 to c and c = 66
In sum lock, just added 1 to c and c = 67
In sum lock, just added 1 to c and c = 68
In sum lock, just added 1 to c and c = 69
In sum lock, just added 1 to c and c = 70
In sum lock, just added 1 to c and c = 71
In sum lock, just added 1 to c and c = 72
In sum lock, just added 1 to c and c = 73
In sum lock, just added 1 to c and c = 74
In sum lock, just added 1 to c and c = 75
In sum lock, just added 1 to c and c = 76
In sum lock, just added 1 to c and c = 77
In sum lock, just added 1 to c and c = 78
In sum lock, just added 1 to c and c = 79
In sum lock, just added 1 to c and c = 80
In sum lock, just added 1 to c and c = 81
In sum lock, just added 1 to c and c = 82
In sum lock, just added 1 to c and c = 83
In sum lock, just added 1 to c and c = 84
In sum lock, just added 1 to c and c = 85
In sum lock, just added 1 to c and c = 86
In sum lock, just added 1 to c and c = 87
In sum lock, just added 1 to c and c = 88
In sum lock, just added 1 to c and c = 89
In sum lock, just added 1 to c and c = 90
In sum lock, just added 1 to c and c = 91
In sum lock, just added 1 to c and c = 92
In sum lock, just added 1 to c and c = 93
In sum lock, just added 1 to c and c = 94
In sum lock, just added 1 to c and c = 95
In sum lock, just added 1 to c and c = 96
In sum lock, just added 1 to c and c = 97
In sum lock, just added 1 to c and c = 98
In sum lock, just added 1 to c and c = 99
In sum lock, just added 1 to c and c = 100
In sum lock, just added 1 to c and c = 101
In sum lock, just added 1 to c and c = 102
In sum lock, just added 1 to c and c = 103
In sum lock, just added 1 to c and c = 104
In sum lock, just added 1 to c and c = 105
In sum lock, just added 1 to c and c = 106
In sum lock, just added 1 to c and c = 107
In sum lock, just added 1 to c and c = 108
In sum lock, just added 1 to c and c = 109
In sum lock, just added 1 to c and c = 110
In sum lock, just added 1 to c and c = 111
In sum lock, just added 1 to c and c = 112
In sum lock, just added 1 to c and c = 113
In sum lock, just added 1 to c and c = 114
In sum lock, just added 1 to c and c = 115
In sum lock, just added 1 to c and c = 116
In sum lock, just added 1 to c and c = 117
In sum lock, just added 1 to c and c = 118
In sum lock, just added 1 to c and c = 119
In sum lock, just added 1 to c and c = 120
In sum lock, just added 1 to c and c = 121
In sum lock, just added 1 to c and c = 122
In sum lock, just added 1 to c and c = 123
In sum lock, just added 1 to c and c = 124
In sum lock, just added 1 to c and c = 125
In sum lock, just added 1 to c and c = 126
In sum lock, just added 1 to c and c = 127
In sum lock, just added 1 to c and c = 128
In sum lock, just added 1 to c and c = 129
In sum lock, just added 1 to c and c = 130
In sum lock, just added 1 to c and c = 131
In sum lock, just added 1 to c and c = 132
In sum lock, just added 1 to c and c = 133
In sum lock, just added 1 to c and c = 134
In sum lock, just added 1 to c and c = 135
In sum lock, just added 1 to c and c = 136
In sum lock, just added 1 to c and c = 137
In sum lock, just added 1 to c and c = 138
In sum lock, just added 1 to c and c = 139
In sum lock, just added 1 to c and c = 140
In sum lock, just added 1 to c and c = 141
In sum lock, just added 1 to c and c = 142
In sum lock, just added 1 to c and c = 143
In sum lock, just added 1 to c and c = 144
In sum lock, just added 1 to c and c = 145
In sum lock, just added 1 to c and c = 146
In sum lock, just added 1 to c and c = 147
In sum lock, just added 1 to c and c = 148
In sum lock, just added 1 to c and c = 149
In sum lock, just added 1 to c and c = 150
In sum lock, just added 1 to c and c = 151
In sum lock, just added 1 to c and c = 152
In sum lock, just added 1 to c and c = 153
In sum lock, just added 1 to c and c = 154
In sum lock, just added 1 to c and c = 155
In sum lock, just added 1 to c and c = 156
In sum lock, just added 1 to c and c = 157
In sum lock, just added 1 to c and c = 158
In sum lock, just added 1 to c and c = 159
In sum lock, just added 1 to c and c = 160
In sum lock, just added 1 to c and c = 161
In sum lock, just added 1 to c and c = 162
In sum lock, just added 1 to c and c = 163
In sum lock, just added 1 to c and c = 164
In sum lock, just added 1 to c and c = 165
In sum lock, just added 1 to c and c = 166
In sum lock, just added 1 to c and c = 167
In sum lock, just added 1 to c and c = 168
In sum lock, just added 1 to c and c = 169
In sum lock, just added 1 to c and c = 170
In sum lock, just added 1 to c and c = 171
In sum lock, just added 1 to c and c = 172
In sum lock, just added 1 to c and c = 173
In sum lock, just added 1 to c and c = 174
In sum lock, just added 1 to c and c = 175
In sum lock, just added 1 to c and c = 176
In sum lock, just added 1 to c and c = 177
In sum lock, just added 1 to c and c = 178
In sum lock, just added 1 to c and c = 179
In sum lock, just added 1 to c and c = 180
In sum lock, just added 1 to c and c = 181
In sum lock, just added 1 to c and c = 182
In sum lock, just added 1 to c and c = 183
In sum lock, just added 1 to c and c = 184
In sum lock, just added 1 to c and c = 185
In sum lock, just added 1 to c and c = 186
In sum lock, just added 1 to c and c = 187
In sum lock, just added 1 to c and c = 188
In sum lock, just added 1 to c and c = 189
In sum lock, just added 1 to c and c = 190
In sum lock, just added 1 to c and c = 191
In sum lock, just added 1 to c and c = 192
In sum lock, just added 1 to c and c = 193
In sum lock, just added 1 to c and c = 194
In sum lock, just added 1 to c and c = 195
In sum lock, just added 1 to c and c = 196
In sum lock, just added 1 to c and c = 197
In sum lock, just added 1 to c and c = 198
In sum lock, just added 1 to c and c = 199
In sum lock, just added 1 to c and c = 200
a + b = c
End of main, a = 100, b = 100 and c = 200

