In main (int).
main(5) = 25
In main (string).
main('hello') = 5

