In main, just set sum = 0 and sum = 0
0 > sum > 1000 and sum.

