indexNum = 0
indexNum = 0
indexNum = 0
indexNum = 0
indexNum = 0
indexNum = 0
indexNum = 0
indexNum = 0
indexNum = 0
indexNum = 0
indexNum = 0
indexNum = 0
indexNum = 0
here
indexNum = 0
here
indexNum = 0
indexNum = 0

