In main(), just set x = 0 and x = 0
In main(), just set y = 0 and y = 0
In main(), just set z = 0 and z = 0
End of main and x = 1, y = 1, and z = 1

