indexNum = 0
indexNum = 2
indexNum = 0
indexNum = 0
indexNum = 0
indexNum = 0
indexNum = 0

