In main(), just created dd and dd = [[[1]]]
In outer for loop and i = [[1]]
In inner for loop and j = [1]
Just set j[0] = 200 and j = [200]
dd[0][0][0] = 200
Out of for loop and dd = [[[200]]]

