In main(), just created z and z = Len = 2 Elements: {1, 2}
In getArray() and x = Len = 2 Elements: {1, 2}
In getArray() just added 10 to x[0] and x = Len = 2 Elements: {11, 2}
In getArray() just added 10 to x[1] and x = Len = 2 Elements: {11, 12}
In main(), just created set x = getArray(z) and x = Len = 2 Elements: {11, 12}
In main(), just added 10 to x[1] and x = Len = 2 Elements: {11, 22}

