Just created q and q = 86
Just created w and w = 4
Just created e and e = 222
Just created x and x = 0
Just created y and y = 1
Not x.
Not x and not y.
End of main.

